[28-Feb-2026 10:25:21 UTC] PHP Warning:  ini_set(): Session ini settings cannot be changed when a session is active in C:\xampp\htdocs\lbms\config\config.php on line 46
[28-Feb-2026 10:25:21 UTC] PHP Notice:  session_start(): Ignoring session_start() because a session is already active in C:\xampp\htdocs\lbms\config\config.php on line 47
[28-Feb-2026 10:25:31 UTC] PHP Warning:  ini_set(): Session ini settings cannot be changed when a session is active in C:\xampp\htdocs\lbms\config\config.php on line 46
[28-Feb-2026 10:25:31 UTC] PHP Notice:  session_start(): Ignoring session_start() because a session is already active in C:\xampp\htdocs\lbms\config\config.php on line 47
[28-Feb-2026 10:25:33 UTC] PHP Warning:  ini_set(): Session ini settings cannot be changed when a session is active in C:\xampp\htdocs\lbms\config\config.php on line 46
[28-Feb-2026 10:25:33 UTC] PHP Notice:  session_start(): Ignoring session_start() because a session is already active in C:\xampp\htdocs\lbms\config\config.php on line 47
[28-Feb-2026 10:25:51 UTC] PHP Warning:  ini_set(): Session ini settings cannot be changed when a session is active in C:\xampp\htdocs\lbms\config\config.php on line 46
[28-Feb-2026 10:25:51 UTC] PHP Notice:  session_start(): Ignoring session_start() because a session is already active in C:\xampp\htdocs\lbms\config\config.php on line 47
[28-Feb-2026 10:26:19 UTC] PHP Warning:  ini_set(): Session ini settings cannot be changed when a session is active in C:\xampp\htdocs\lbms\config\config.php on line 46
[28-Feb-2026 10:26:19 UTC] PHP Notice:  session_start(): Ignoring session_start() because a session is already active in C:\xampp\htdocs\lbms\config\config.php on line 47
[28-Feb-2026 10:26:21 UTC] PHP Warning:  ini_set(): Session ini settings cannot be changed when a session is active in C:\xampp\htdocs\lbms\config\config.php on line 46
[28-Feb-2026 10:26:21 UTC] PHP Notice:  session_start(): Ignoring session_start() because a session is already active in C:\xampp\htdocs\lbms\config\config.php on line 47
[28-Feb-2026 10:42:27 UTC] PHP Warning:  ini_set(): Session ini settings cannot be changed when a session is active in C:\xampp\htdocs\lbms\config\config.php on line 51
[28-Feb-2026 10:42:27 UTC] PHP Notice:  session_start(): Ignoring session_start() because a session is already active in C:\xampp\htdocs\lbms\config\config.php on line 52
[28-Feb-2026 11:54:40 UTC] PHP Warning:  ini_set(): Session ini settings cannot be changed when a session is active in C:\xampp\htdocs\lbms\config\config.php on line 51
[28-Feb-2026 11:54:40 UTC] PHP Notice:  session_start(): Ignoring session_start() because a session is already active in C:\xampp\htdocs\lbms\config\config.php on line 52
[28-Feb-2026 11:57:22 UTC] PHP Warning:  ini_set(): Session ini settings cannot be changed when a session is active in C:\xampp\htdocs\lbms\config\config.php on line 51
[28-Feb-2026 11:57:22 UTC] PHP Notice:  session_start(): Ignoring session_start() because a session is already active in C:\xampp\htdocs\lbms\config\config.php on line 52
[28-Feb-2026 12:02:04 UTC] PHP Warning:  ini_set(): Session ini settings cannot be changed when a session is active in C:\xampp\htdocs\lbms\config\config.php on line 51
[28-Feb-2026 12:02:04 UTC] PHP Notice:  session_start(): Ignoring session_start() because a session is already active in C:\xampp\htdocs\lbms\config\config.php on line 52
[28-Feb-2026 12:02:06 UTC] PHP Warning:  ini_set(): Session ini settings cannot be changed when a session is active in C:\xampp\htdocs\lbms\config\config.php on line 51
[28-Feb-2026 12:02:06 UTC] PHP Notice:  session_start(): Ignoring session_start() because a session is already active in C:\xampp\htdocs\lbms\config\config.php on line 52
[28-Feb-2026 12:02:31 UTC] PHP Warning:  ini_set(): Session ini settings cannot be changed when a session is active in C:\xampp\htdocs\lbms\config\config.php on line 51
[28-Feb-2026 12:02:31 UTC] PHP Notice:  session_start(): Ignoring session_start() because a session is already active in C:\xampp\htdocs\lbms\config\config.php on line 52
[28-Feb-2026 12:02:43 UTC] PHP Warning:  ini_set(): Session ini settings cannot be changed when a session is active in C:\xampp\htdocs\lbms\config\config.php on line 51
[28-Feb-2026 12:02:43 UTC] PHP Notice:  session_start(): Ignoring session_start() because a session is already active in C:\xampp\htdocs\lbms\config\config.php on line 52
[28-Feb-2026 12:02:46 UTC] PHP Warning:  ini_set(): Session ini settings cannot be changed when a session is active in C:\xampp\htdocs\lbms\config\config.php on line 51
[28-Feb-2026 12:02:46 UTC] PHP Notice:  session_start(): Ignoring session_start() because a session is already active in C:\xampp\htdocs\lbms\config\config.php on line 52
[28-Feb-2026 12:04:47 UTC] PHP Warning:  ini_set(): Session ini settings cannot be changed when a session is active in C:\xampp\htdocs\lbms\config\config.php on line 51
[28-Feb-2026 12:04:47 UTC] PHP Notice:  session_start(): Ignoring session_start() because a session is already active in C:\xampp\htdocs\lbms\config\config.php on line 52
[28-Feb-2026 12:05:04 UTC] PHP Warning:  ini_set(): Session ini settings cannot be changed when a session is active in C:\xampp\htdocs\lbms\config\config.php on line 51
[28-Feb-2026 12:05:04 UTC] PHP Notice:  session_start(): Ignoring session_start() because a session is already active in C:\xampp\htdocs\lbms\config\config.php on line 52
[28-Feb-2026 12:05:12 UTC] PHP Warning:  ini_set(): Session ini settings cannot be changed when a session is active in C:\xampp\htdocs\lbms\config\config.php on line 51
[28-Feb-2026 12:05:12 UTC] PHP Notice:  session_start(): Ignoring session_start() because a session is already active in C:\xampp\htdocs\lbms\config\config.php on line 52
[28-Feb-2026 12:05:14 UTC] PHP Warning:  ini_set(): Session ini settings cannot be changed when a session is active in C:\xampp\htdocs\lbms\config\config.php on line 51
[28-Feb-2026 12:05:14 UTC] PHP Notice:  session_start(): Ignoring session_start() because a session is already active in C:\xampp\htdocs\lbms\config\config.php on line 52
[28-Feb-2026 12:06:12 UTC] PHP Warning:  ini_set(): Session ini settings cannot be changed when a session is active in C:\xampp\htdocs\lbms\config\config.php on line 51
[28-Feb-2026 12:06:12 UTC] PHP Notice:  session_start(): Ignoring session_start() because a session is already active in C:\xampp\htdocs\lbms\config\config.php on line 52
[28-Feb-2026 12:06:18 UTC] PHP Warning:  ini_set(): Session ini settings cannot be changed when a session is active in C:\xampp\htdocs\lbms\config\config.php on line 51
[28-Feb-2026 12:06:18 UTC] PHP Notice:  session_start(): Ignoring session_start() because a session is already active in C:\xampp\htdocs\lbms\config\config.php on line 52
[28-Feb-2026 12:06:32 UTC] PHP Warning:  ini_set(): Session ini settings cannot be changed when a session is active in C:\xampp\htdocs\lbms\config\config.php on line 51
[28-Feb-2026 12:06:32 UTC] PHP Notice:  session_start(): Ignoring session_start() because a session is already active in C:\xampp\htdocs\lbms\config\config.php on line 52
[28-Feb-2026 12:07:07 UTC] PHP Warning:  ini_set(): Session ini settings cannot be changed when a session is active in C:\xampp\htdocs\lbms\config\config.php on line 51
[28-Feb-2026 12:07:07 UTC] PHP Notice:  session_start(): Ignoring session_start() because a session is already active in C:\xampp\htdocs\lbms\config\config.php on line 52
[28-Feb-2026 12:07:13 UTC] PHP Warning:  ini_set(): Session ini settings cannot be changed when a session is active in C:\xampp\htdocs\lbms\config\config.php on line 51
[28-Feb-2026 12:07:13 UTC] PHP Notice:  session_start(): Ignoring session_start() because a session is already active in C:\xampp\htdocs\lbms\config\config.php on line 52
[28-Feb-2026 12:07:48 UTC] PHP Warning:  ini_set(): Session ini settings cannot be changed when a session is active in C:\xampp\htdocs\lbms\config\config.php on line 51
[28-Feb-2026 12:07:48 UTC] PHP Notice:  session_start(): Ignoring session_start() because a session is already active in C:\xampp\htdocs\lbms\config\config.php on line 52
[28-Feb-2026 12:09:31 UTC] PHP Warning:  ini_set(): Session ini settings cannot be changed when a session is active in C:\xampp\htdocs\lbms\config\config.php on line 51
[28-Feb-2026 12:09:31 UTC] PHP Notice:  session_start(): Ignoring session_start() because a session is already active in C:\xampp\htdocs\lbms\config\config.php on line 52
[28-Feb-2026 12:09:54 UTC] PHP Warning:  ini_set(): Session ini settings cannot be changed when a session is active in C:\xampp\htdocs\lbms\config\config.php on line 51
[28-Feb-2026 12:09:54 UTC] PHP Notice:  session_start(): Ignoring session_start() because a session is already active in C:\xampp\htdocs\lbms\config\config.php on line 52
[28-Feb-2026 12:12:41 UTC] PHP Warning:  ini_set(): Session ini settings cannot be changed when a session is active in C:\xampp\htdocs\lbms\config\config.php on line 51
[28-Feb-2026 12:12:41 UTC] PHP Notice:  session_start(): Ignoring session_start() because a session is already active in C:\xampp\htdocs\lbms\config\config.php on line 52
[28-Feb-2026 12:12:52 UTC] PHP Warning:  ini_set(): Session ini settings cannot be changed when a session is active in C:\xampp\htdocs\lbms\config\config.php on line 51
[28-Feb-2026 12:12:52 UTC] PHP Notice:  session_start(): Ignoring session_start() because a session is already active in C:\xampp\htdocs\lbms\config\config.php on line 52
[28-Feb-2026 12:12:54 UTC] PHP Warning:  ini_set(): Session ini settings cannot be changed when a session is active in C:\xampp\htdocs\lbms\config\config.php on line 51
[28-Feb-2026 12:12:54 UTC] PHP Notice:  session_start(): Ignoring session_start() because a session is already active in C:\xampp\htdocs\lbms\config\config.php on line 52
[28-Feb-2026 12:42:59 UTC] PHP Warning:  ini_set(): Session ini settings cannot be changed when a session is active in C:\xampp\htdocs\lbms\config\config.php on line 51
[28-Feb-2026 12:42:59 UTC] PHP Notice:  session_start(): Ignoring session_start() because a session is already active in C:\xampp\htdocs\lbms\config\config.php on line 52
[16-Mar-2026 13:06:11 UTC] PHP Warning:  ini_set(): Session ini settings cannot be changed when a session is active in C:\xampp\htdocs\lbms\config\config.php on line 51
[16-Mar-2026 13:06:11 UTC] PHP Notice:  session_start(): Ignoring session_start() because a session is already active in C:\xampp\htdocs\lbms\config\config.php on line 52
[16-Mar-2026 13:06:13 UTC] PHP Warning:  ini_set(): Session ini settings cannot be changed when a session is active in C:\xampp\htdocs\lbms\config\config.php on line 51
[16-Mar-2026 13:06:13 UTC] PHP Notice:  session_start(): Ignoring session_start() because a session is already active in C:\xampp\htdocs\lbms\config\config.php on line 52
[16-Mar-2026 13:09:50 UTC] PHP Warning:  ini_set(): Session ini settings cannot be changed when a session is active in C:\xampp\htdocs\lbms\config\config.php on line 51
[16-Mar-2026 13:09:50 UTC] PHP Notice:  session_start(): Ignoring session_start() because a session is already active in C:\xampp\htdocs\lbms\config\config.php on line 52
[16-Mar-2026 13:09:59 UTC] PHP Warning:  ini_set(): Session ini settings cannot be changed when a session is active in C:\xampp\htdocs\lbms\config\config.php on line 51
[16-Mar-2026 13:09:59 UTC] PHP Notice:  session_start(): Ignoring session_start() because a session is already active in C:\xampp\htdocs\lbms\config\config.php on line 52
[16-Mar-2026 13:10:01 UTC] PHP Warning:  ini_set(): Session ini settings cannot be changed when a session is active in C:\xampp\htdocs\lbms\config\config.php on line 51
[16-Mar-2026 13:10:01 UTC] PHP Notice:  session_start(): Ignoring session_start() because a session is already active in C:\xampp\htdocs\lbms\config\config.php on line 52
[16-Mar-2026 13:11:06 UTC] PHP Warning:  ini_set(): Session ini settings cannot be changed when a session is active in C:\xampp\htdocs\lbms\config\config.php on line 51
[16-Mar-2026 13:11:06 UTC] PHP Notice:  session_start(): Ignoring session_start() because a session is already active in C:\xampp\htdocs\lbms\config\config.php on line 52
[16-Mar-2026 13:11:08 UTC] PHP Warning:  ini_set(): Session ini settings cannot be changed when a session is active in C:\xampp\htdocs\lbms\config\config.php on line 51
[16-Mar-2026 13:11:08 UTC] PHP Notice:  session_start(): Ignoring session_start() because a session is already active in C:\xampp\htdocs\lbms\config\config.php on line 52
[16-Mar-2026 13:11:24 UTC] PHP Warning:  ini_set(): Session ini settings cannot be changed when a session is active in C:\xampp\htdocs\lbms\config\config.php on line 51
[16-Mar-2026 13:11:24 UTC] PHP Notice:  session_start(): Ignoring session_start() because a session is already active in C:\xampp\htdocs\lbms\config\config.php on line 52
[16-Mar-2026 13:11:26 UTC] PHP Warning:  ini_set(): Session ini settings cannot be changed when a session is active in C:\xampp\htdocs\lbms\config\config.php on line 51
[16-Mar-2026 13:11:26 UTC] PHP Notice:  session_start(): Ignoring session_start() because a session is already active in C:\xampp\htdocs\lbms\config\config.php on line 52
[16-Mar-2026 13:13:34 UTC] PHP Warning:  ini_set(): Session ini settings cannot be changed when a session is active in C:\xampp\htdocs\lbms\config\config.php on line 51
[16-Mar-2026 13:13:34 UTC] PHP Notice:  session_start(): Ignoring session_start() because a session is already active in C:\xampp\htdocs\lbms\config\config.php on line 52
[16-Mar-2026 13:13:39 UTC] PHP Warning:  ini_set(): Session ini settings cannot be changed when a session is active in C:\xampp\htdocs\lbms\config\config.php on line 51
[16-Mar-2026 13:13:39 UTC] PHP Notice:  session_start(): Ignoring session_start() because a session is already active in C:\xampp\htdocs\lbms\config\config.php on line 52
[16-Mar-2026 13:13:45 UTC] PHP Warning:  ini_set(): Session ini settings cannot be changed when a session is active in C:\xampp\htdocs\lbms\config\config.php on line 51
[16-Mar-2026 13:13:45 UTC] PHP Notice:  session_start(): Ignoring session_start() because a session is already active in C:\xampp\htdocs\lbms\config\config.php on line 52
[16-Mar-2026 13:13:55 UTC] PHP Warning:  ini_set(): Session ini settings cannot be changed when a session is active in C:\xampp\htdocs\lbms\config\config.php on line 51
[16-Mar-2026 13:13:55 UTC] PHP Notice:  session_start(): Ignoring session_start() because a session is already active in C:\xampp\htdocs\lbms\config\config.php on line 52
[16-Mar-2026 13:14:02 UTC] PHP Warning:  ini_set(): Session ini settings cannot be changed when a session is active in C:\xampp\htdocs\lbms\config\config.php on line 51
[16-Mar-2026 13:14:02 UTC] PHP Notice:  session_start(): Ignoring session_start() because a session is already active in C:\xampp\htdocs\lbms\config\config.php on line 52
[16-Mar-2026 13:14:11 UTC] PHP Warning:  ini_set(): Session ini settings cannot be changed when a session is active in C:\xampp\htdocs\lbms\config\config.php on line 51
[16-Mar-2026 13:14:11 UTC] PHP Notice:  session_start(): Ignoring session_start() because a session is already active in C:\xampp\htdocs\lbms\config\config.php on line 52
[16-Mar-2026 13:14:20 UTC] PHP Warning:  ini_set(): Session ini settings cannot be changed when a session is active in C:\xampp\htdocs\lbms\config\config.php on line 51
[16-Mar-2026 13:14:20 UTC] PHP Notice:  session_start(): Ignoring session_start() because a session is already active in C:\xampp\htdocs\lbms\config\config.php on line 52
[16-Mar-2026 13:14:59 UTC] PHP Warning:  ini_set(): Session ini settings cannot be changed when a session is active in C:\xampp\htdocs\lbms\config\config.php on line 51
[16-Mar-2026 13:14:59 UTC] PHP Notice:  session_start(): Ignoring session_start() because a session is already active in C:\xampp\htdocs\lbms\config\config.php on line 52
[16-Mar-2026 13:15:01 UTC] PHP Warning:  ini_set(): Session ini settings cannot be changed when a session is active in C:\xampp\htdocs\lbms\config\config.php on line 51
[16-Mar-2026 13:15:01 UTC] PHP Notice:  session_start(): Ignoring session_start() because a session is already active in C:\xampp\htdocs\lbms\config\config.php on line 52
[16-Mar-2026 13:15:08 UTC] PHP Warning:  ini_set(): Session ini settings cannot be changed when a session is active in C:\xampp\htdocs\lbms\config\config.php on line 51
[16-Mar-2026 13:15:08 UTC] PHP Notice:  session_start(): Ignoring session_start() because a session is already active in C:\xampp\htdocs\lbms\config\config.php on line 52
[16-Mar-2026 13:15:13 UTC] PHP Warning:  ini_set(): Session ini settings cannot be changed when a session is active in C:\xampp\htdocs\lbms\config\config.php on line 51
[16-Mar-2026 13:15:13 UTC] PHP Notice:  session_start(): Ignoring session_start() because a session is already active in C:\xampp\htdocs\lbms\config\config.php on line 52
[16-Mar-2026 13:16:36 UTC] PHP Warning:  ini_set(): Session ini settings cannot be changed when a session is active in C:\xampp\htdocs\lbms\config\config.php on line 51
[16-Mar-2026 13:16:36 UTC] PHP Notice:  session_start(): Ignoring session_start() because a session is already active in C:\xampp\htdocs\lbms\config\config.php on line 52
[16-Mar-2026 13:16:53 UTC] PHP Warning:  ini_set(): Session ini settings cannot be changed when a session is active in C:\xampp\htdocs\lbms\config\config.php on line 51
[16-Mar-2026 13:16:53 UTC] PHP Notice:  session_start(): Ignoring session_start() because a session is already active in C:\xampp\htdocs\lbms\config\config.php on line 52
[16-Mar-2026 13:16:58 UTC] PHP Warning:  ini_set(): Session ini settings cannot be changed when a session is active in C:\xampp\htdocs\lbms\config\config.php on line 51
[16-Mar-2026 13:16:58 UTC] PHP Notice:  session_start(): Ignoring session_start() because a session is already active in C:\xampp\htdocs\lbms\config\config.php on line 52
[16-Mar-2026 13:17:15 UTC] PHP Warning:  ini_set(): Session ini settings cannot be changed when a session is active in C:\xampp\htdocs\lbms\config\config.php on line 51
[16-Mar-2026 13:17:15 UTC] PHP Notice:  session_start(): Ignoring session_start() because a session is already active in C:\xampp\htdocs\lbms\config\config.php on line 52
[16-Mar-2026 13:17:20 UTC] PHP Warning:  ini_set(): Session ini settings cannot be changed when a session is active in C:\xampp\htdocs\lbms\config\config.php on line 51
[16-Mar-2026 13:17:20 UTC] PHP Notice:  session_start(): Ignoring session_start() because a session is already active in C:\xampp\htdocs\lbms\config\config.php on line 52
[16-Mar-2026 13:17:22 UTC] PHP Warning:  ini_set(): Session ini settings cannot be changed when a session is active in C:\xampp\htdocs\lbms\config\config.php on line 51
[16-Mar-2026 13:17:22 UTC] PHP Notice:  session_start(): Ignoring session_start() because a session is already active in C:\xampp\htdocs\lbms\config\config.php on line 52
[16-Mar-2026 13:17:25 UTC] PHP Warning:  ini_set(): Session ini settings cannot be changed when a session is active in C:\xampp\htdocs\lbms\config\config.php on line 51
[16-Mar-2026 13:17:25 UTC] PHP Notice:  session_start(): Ignoring session_start() because a session is already active in C:\xampp\htdocs\lbms\config\config.php on line 52
[16-Mar-2026 13:17:30 UTC] PHP Warning:  ini_set(): Session ini settings cannot be changed when a session is active in C:\xampp\htdocs\lbms\config\config.php on line 51
[16-Mar-2026 13:17:30 UTC] PHP Notice:  session_start(): Ignoring session_start() because a session is already active in C:\xampp\htdocs\lbms\config\config.php on line 52
[16-Mar-2026 13:17:37 UTC] PHP Warning:  ini_set(): Session ini settings cannot be changed when a session is active in C:\xampp\htdocs\lbms\config\config.php on line 51
[16-Mar-2026 13:17:37 UTC] PHP Notice:  session_start(): Ignoring session_start() because a session is already active in C:\xampp\htdocs\lbms\config\config.php on line 52
[13-May-2026 03:38:34 UTC] PHP Warning:  ini_set(): Session ini settings cannot be changed when a session is active in C:\xampp\htdocs\lbms\config\config.php on line 51
[13-May-2026 03:38:34 UTC] PHP Notice:  session_start(): Ignoring session_start() because a session is already active in C:\xampp\htdocs\lbms\config\config.php on line 52
[13-May-2026 03:39:13 UTC] PHP Warning:  ini_set(): Session ini settings cannot be changed when a session is active in C:\xampp\htdocs\lbms\config\config.php on line 51
[13-May-2026 03:39:13 UTC] PHP Notice:  session_start(): Ignoring session_start() because a session is already active in C:\xampp\htdocs\lbms\config\config.php on line 52
[13-May-2026 03:39:29 UTC] PHP Warning:  ini_set(): Session ini settings cannot be changed when a session is active in C:\xampp\htdocs\lbms\config\config.php on line 51
[13-May-2026 03:39:29 UTC] PHP Notice:  session_start(): Ignoring session_start() because a session is already active in C:\xampp\htdocs\lbms\config\config.php on line 52
[13-May-2026 03:40:13 UTC] PHP Warning:  ini_set(): Session ini settings cannot be changed when a session is active in C:\xampp\htdocs\lbms\config\config.php on line 51
[13-May-2026 03:40:13 UTC] PHP Notice:  session_start(): Ignoring session_start() because a session is already active in C:\xampp\htdocs\lbms\config\config.php on line 52
[13-May-2026 03:40:38 UTC] PHP Warning:  ini_set(): Session ini settings cannot be changed when a session is active in C:\xampp\htdocs\lbms\config\config.php on line 51
[13-May-2026 03:40:38 UTC] PHP Notice:  session_start(): Ignoring session_start() because a session is already active in C:\xampp\htdocs\lbms\config\config.php on line 52
[13-May-2026 03:41:03 UTC] PHP Warning:  ini_set(): Session ini settings cannot be changed when a session is active in C:\xampp\htdocs\lbms\config\config.php on line 51
[13-May-2026 03:41:03 UTC] PHP Notice:  session_start(): Ignoring session_start() because a session is already active in C:\xampp\htdocs\lbms\config\config.php on line 52
[13-May-2026 03:41:14 UTC] PHP Warning:  ini_set(): Session ini settings cannot be changed when a session is active in C:\xampp\htdocs\lbms\config\config.php on line 51
[13-May-2026 03:41:14 UTC] PHP Notice:  session_start(): Ignoring session_start() because a session is already active in C:\xampp\htdocs\lbms\config\config.php on line 52
[13-May-2026 03:44:14 UTC] PHP Warning:  ini_set(): Session ini settings cannot be changed when a session is active in C:\xampp\htdocs\lbms\config\config.php on line 51
[13-May-2026 03:44:14 UTC] PHP Notice:  session_start(): Ignoring session_start() because a session is already active in C:\xampp\htdocs\lbms\config\config.php on line 52
[13-May-2026 03:45:30 UTC] PHP Warning:  ini_set(): Session ini settings cannot be changed when a session is active in C:\xampp\htdocs\lbms\config\config.php on line 51
[13-May-2026 03:45:30 UTC] PHP Notice:  session_start(): Ignoring session_start() because a session is already active in C:\xampp\htdocs\lbms\config\config.php on line 52
